
> solarguard-frontend@0.1.0 dev
> vite --host 127.0.0.1 --host 127.0.0.1 --port 5173


  [32m[1mVITE[22m v7.3.6[39m  [2mready in [0m[1m633[22m[2m[0m ms[22m

  [32m➜[39m  [1mLocal[22m:   [36mhttp://127.0.0.1:[1m5173[22m/[39m
[2m[32m  ➜[39m[22m[2m  press [22m[1mh + enter[22m[2m to show help[22m
[2m12:35:13 pm[22m [36m[1m[vite][22m[39m [90m[2m(client)[22m[39m [32mhmr update [39m[2m/src/app/router.tsx[22m
[2m12:37:08 pm[22m [36m[1m[vite][22m[39m [90m[2m(client)[22m[39m [32mhmr update [39m[2m/src/styles/global.css[22m
[2m12:37:34 pm[22m [36m[1m[vite][22m[39m [90m[2m(client)[22m[39m [32mhmr update [39m[2m/src/features/fleet/FleetSitesPage.tsx[22m
[2m12:39:18 pm[22m [36m[1m[vite][22m[39m [90m[2m(client)[22m[39m [32mhmr update [39m[2m/src/features/fleet/FleetSitesPage.tsx[22m
[2m12:39:41 pm[22m [36m[1m[vite][22m[39m [90m[2m(client)[22m[39m [32mhmr update [39m[2m/src/features/fleet/FleetSitesPage.tsx[22m
[2m12:57:53 pm[22m [36m[1m[vite][22m[39m [90m[2m(client)[22m[39m [32mhmr update [39m[2m/src/app/App.tsx, /src/features/command-centre/CommandCentrePage.tsx, /src/features/fleet/FleetSitesPage.tsx[22m
[2m12:58:13 pm[22m [36m[1m[vite][22m[39m [90m[2m(client)[22m[39m [32mhmr update [39m[2m/src/app/App.tsx, /src/features/command-centre/CommandCentrePage.tsx, /src/features/fleet/FleetSitesPage.tsx[22m
[2m12:58:40 pm[22m [36m[1m[vite][22m[39m [90m[2m(client)[22m[39m [32mhmr update [39m[2m/src/app/App.tsx, /src/features/command-centre/CommandCentrePage.tsx, /src/features/fleet/FleetSitesPage.tsx[22m
[2m1:01:14 pm[22m [36m[1m[vite][22m[39m [90m[2m(client)[22m[39m [32mhmr update [39m[2m/src/app/router.tsx[22m
[2m1:01:34 pm[22m [36m[1m[vite][22m[39m [90m[2m(client)[22m[39m [32mhmr update [39m[2m/src/components/layout/AppShell.tsx[22m
[2m1:03:10 pm[22m [36m[1m[vite][22m[39m [90m[2m(client)[22m[39m [32mhmr update [39m[2m/src/styles/global.css[22m
[2m1:05:44 pm[22m [36m[1m[vite][22m[39m [90m[2m(client)[22m[39m [32mhmr update [39m[2m/src/features/diagnostics/DiagnosticsPage.tsx[22m
[2m1:23:19 pm[22m [36m[1m[vite][22m[39m [90m[2m(client)[22m[39m [32mhmr update [39m[2m/src/app/router.tsx[22m
[2m1:25:16 pm[22m [36m[1m[vite][22m[39m [90m[2m(client)[22m[39m [32mhmr update [39m[2m/src/styles/global.css[22m
[2m1:25:38 pm[22m [36m[1m[vite][22m[39m [90m[2m(client)[22m[39m [32mhmr update [39m[2m/src/styles/global.css[22m
[2m1:26:38 pm[22m [36m[1m[vite][22m[39m [90m[2m(client)[22m[39m [32mhmr update [39m[2m/src/features/incidents/IncidentsPage.tsx[22m
[2m1:26:52 pm[22m [36m[1m[vite][22m[39m [90m[2m(client)[22m[39m [32mhmr update [39m[2m/src/features/incidents/IncidentsPage.tsx[22m
[2m1:27:08 pm[22m [36m[1m[vite][22m[39m [90m[2m(client)[22m[39m [32mhmr update [39m[2m/src/features/incidents/IncidentsPage.tsx[22m
[2m1:27:57 pm[22m [36m[1m[vite][22m[39m [90m[2m(client)[22m[39m [32mhmr update [39m[2m/src/features/incidents/IncidentsPage.tsx[22m
[2m1:28:52 pm[22m [36m[1m[vite][22m[39m [90m[2m(client)[22m[39m [32mhmr update [39m[2m/src/features/incidents/IncidentsPage.tsx[22m
[2m1:32:23 pm[22m [36m[1m[vite][22m[39m [90m[2m(client)[22m[39m [32mhmr update [39m[2m/src/features/incidents/IncidentsPage.tsx[22m
[2m1:50:03 pm[22m [36m[1m[vite][22m[39m [90m[2m(client)[22m[39m [32mhmr update [39m[2m/src/app/router.tsx[22m
[2m1:52:38 pm[22m [36m[1m[vite][22m[39m [90m[2m(client)[22m[39m [32mhmr update [39m[2m/src/features/service-queue/ServiceQueuePage.tsx[22m
[2m1:52:38 pm[22m [36m[1m[vite][22m[39m [90m[2m(client)[22m[39m [32mhmr update [39m[2m/src/styles/global.css[22m
[2m1:55:27 pm[22m [36m[1m[vite][22m[39m [90m[2m(client)[22m[39m [32mhmr update [39m[2m/src/features/service-queue/ServiceQueuePage.tsx[22m
[2m2:11:25 pm[22m [36m[1m[vite][22m[39m [90m[2m(client)[22m[39m [32mhmr update [39m[2m/src/app/App.tsx, /src/features/command-centre/CommandCentrePage.tsx, /src/features/fleet/FleetSitesPage.tsx, /src/features/diagnostics/DiagnosticsPage.tsx, /src/features/incidents/IncidentsPage.tsx, /src/features/service-queue/ServiceQueuePage.tsx[22m
[2m2:11:25 pm[22m [36m[1m[vite][22m[39m [90m[2m(client)[22m[39m [32mhmr update [39m[2m/src/app/App.tsx, /src/features/command-centre/CommandCentrePage.tsx, /src/features/fleet/FleetSitesPage.tsx, /src/features/diagnostics/DiagnosticsPage.tsx, /src/features/incidents/IncidentsPage.tsx, /src/features/service-queue/ServiceQueuePage.tsx[22m
[2m2:11:25 pm[22m [36m[1m[vite][22m[39m [90m[2m(client)[22m[39m [32mhmr update [39m[2m/src/app/router.tsx[22m
[2m2:11:27 pm[22m [36m[1m[vite][22m[39m [90m[2m(client)[22m[39m [32m✨ new dependencies optimized: [33mreact-leaflet[32m[39m
[2m2:11:27 pm[22m [36m[1m[vite][22m[39m [90m[2m(client)[22m[39m [32m✨ optimized dependencies changed. reloading[39m
[2m2:13:11 pm[22m [36m[1m[vite][22m[39m [90m[2m(client)[22m[39m [32mhmr update [39m[2m/src/styles/global.css[22m
[2m2:13:58 pm[22m [36m[1m[vite][22m[39m [90m[2m(client)[22m[39m [32mhmr update [39m[2m/src/features/technician-plan/TechnicianPlanPage.tsx[22m
[2m2:15:14 pm[22m [36m[1m[vite][22m[39m [90m[2m(client)[22m[39m [32mhmr update [39m[2m/src/features/technician-plan/TechnicianPlanPage.tsx[22m
[2m2:45:08 pm[22m [36m[1m[vite][22m[39m [90m[2m(client)[22m[39m [32mhmr update [39m[2m/src/app/App.tsx, /src/features/command-centre/CommandCentrePage.tsx, /src/features/fleet/FleetSitesPage.tsx, /src/features/diagnostics/DiagnosticsPage.tsx, /src/features/incidents/IncidentsPage.tsx, /src/features/service-queue/ServiceQueuePage.tsx, /src/features/technician-plan/TechnicianPlanPage.tsx[22m
[2m2:45:08 pm[22m [36m[1m[vite][22m[39m [90m[2m(client)[22m[39m [32mhmr update [39m[2m/src/app/router.tsx[22m
[2m2:45:10 pm[22m [36m[1m[vite][22m[39m [90m[2m(client)[22m[39m [32m✨ new dependencies optimized: [33mpapaparse[32m[39m
[2m2:45:10 pm[22m [36m[1m[vite][22m[39m [90m[2m(client)[22m[39m [32m✨ optimized dependencies changed. reloading[39m
[2m2:46:56 pm[22m [36m[1m[vite][22m[39m [90m[2m(client)[22m[39m [32mhmr update [39m[2m/src/styles/global.css[22m
[2m2:47:51 pm[22m [36m[1m[vite][22m[39m [90m[2m(client)[22m[39m [32mhmr update [39m[2m/src/app/router.tsx[22m
[2m2:47:51 pm[22m [36m[1m[vite][22m[39m [90m[2m(client)[22m[39m [32mhmr update [39m[2m/src/features/reports/ReportsPage.tsx[22m
[2m2:49:55 pm[22m [36m[1m[vite][22m[39m [90m[2m(client)[22m[39m [32mhmr update [39m[2m/src/features/reports/ReportsPage.tsx[22m
[2m2:53:59 pm[22m [36m[1m[vite][22m[39m [90m[2m(client)[22m[39m [32mhmr update [39m[2m/src/features/reports/ReportsPage.tsx[22m
[2m2:53:59 pm[22m [36m[1m[vite][22m[39m [90m[2m(client)[22m[39m [32mhmr update [39m[2m/src/styles/global.css[22m
[2m3:46:48 pm[22m [36m[1m[vite][22m[39m [90m[2m(client)[22m[39m [32mhmr update [39m[2m/src/app/App.tsx, /src/features/command-centre/CommandCentrePage.tsx, /src/features/fleet/FleetSitesPage.tsx, /src/features/diagnostics/DiagnosticsPage.tsx, /src/features/incidents/IncidentsPage.tsx, /src/features/service-queue/ServiceQueuePage.tsx, /src/features/technician-plan/TechnicianPlanPage.tsx, /src/features/reports/ReportsPage.tsx[22m
[2m3:47:09 pm[22m [36m[1m[vite][22m[39m [90m[2m(client)[22m[39m [32mhmr update [39m[2m/src/app/App.tsx, /src/features/command-centre/CommandCentrePage.tsx, /src/features/fleet/FleetSitesPage.tsx, /src/features/diagnostics/DiagnosticsPage.tsx, /src/features/incidents/IncidentsPage.tsx, /src/features/service-queue/ServiceQueuePage.tsx, /src/features/technician-plan/TechnicianPlanPage.tsx, /src/features/reports/ReportsPage.tsx[22m
[2m3:47:49 pm[22m [36m[1m[vite][22m[39m [90m[2m(client)[22m[39m [32mhmr update [39m[2m/src/app/App.tsx, /src/features/command-centre/CommandCentrePage.tsx, /src/features/fleet/FleetSitesPage.tsx, /src/features/diagnostics/DiagnosticsPage.tsx, /src/features/incidents/IncidentsPage.tsx, /src/features/service-queue/ServiceQueuePage.tsx, /src/features/technician-plan/TechnicianPlanPage.tsx, /src/features/reports/ReportsPage.tsx[22m
[2m3:48:16 pm[22m [36m[1m[vite][22m[39m [90m[2m(client)[22m[39m [32mhmr update [39m[2m/src/app/App.tsx[22m
[2m3:48:45 pm[22m [36m[1m[vite][22m[39m [90m[2m(client)[22m[39m [32mhmr update [39m[2m/src/components/status/ApiStatus.tsx[22m
[2m3:49:13 pm[22m [36m[1m[vite][22m[39m [90m[2m(client)[22m[39m [32mhmr update [39m[2m/src/components/status/DataFreshness.tsx[22m
[2m3:49:42 pm[22m [36m[1m[vite][22m[39m [90m[2m(client)[22m[39m [32mhmr update [39m[2m/src/components/layout/AppShell.tsx[22m
[2m3:50:10 pm[22m [36m[1m[vite][22m[39m [90m[2m(client)[22m[39m [32mhmr update [39m[2m/src/components/feedback/LoadingSection.tsx[22m
[2m3:50:38 pm[22m [36m[1m[vite][22m[39m [90m[2m(client)[22m[39m [32mhmr update [39m[2m/src/components/feedback/EmptyState.tsx[22m
[2m3:51:09 pm[22m [36m[1m[vite][22m[39m [90m[2m(client)[22m[39m [32mhmr update [39m[2m/src/features/command-centre/CommandCentrePage.tsx, /src/features/fleet/FleetSitesPage.tsx, /src/features/diagnostics/DiagnosticsPage.tsx, /src/features/incidents/IncidentsPage.tsx, /src/features/service-queue/ServiceQueuePage.tsx[22m
[2m3:51:54 pm[22m [36m[1m[vite][22m[39m [90m[2m(client)[22m[39m [32mhmr update [39m[2m/src/features/command-centre/CommandCentrePage.tsx[22m
[2m3:54:06 pm[22m [36m[1m[vite][22m[39m [90m[2m(client)[22m[39m [32mhmr update [39m[2m/src/features/command-centre/CommandCentrePage.tsx[22m
[2m3:54:34 pm[22m [36m[1m[vite][22m[39m [90m[2m(client)[22m[39m [32mhmr update [39m[2m/src/features/command-centre/CommandCentrePage.tsx[22m
[2m3:55:43 pm[22m [36m[1m[vite][22m[39m [90m[2m(client)[22m[39m [32mhmr update [39m[2m/src/styles/global.css[22m
[2m3:56:15 pm[22m [36m[1m[vite][22m[39m [90m[2m(client)[22m[39m [32mhmr update [39m[2m/src/features/command-centre/CommandCentrePage.tsx[22m
[2m3:57:36 pm[22m [36m[1m[vite][22m[39m [90m[2m(client)[22m[39m [32mhmr update [39m[2m/src/app/App.tsx, /src/features/fleet/FleetSitesPage.tsx, /src/features/diagnostics/DiagnosticsPage.tsx, /src/features/incidents/IncidentsPage.tsx, /src/features/service-queue/ServiceQueuePage.tsx, /src/features/technician-plan/TechnicianPlanPage.tsx, /src/features/reports/ReportsPage.tsx, /src/features/command-centre/CommandCentrePage.tsx[22m
[2m3:57:52 pm[22m [36m[1m[vite][22m[39m [90m[2m(client)[22m[39m [32mhmr update [39m[2m/src/features/command-centre/CommandCentrePage.tsx[22m
[2m3:58:58 pm[22m [36m[1m[vite][22m[39m [90m[2m(client)[22m[39m [32mhmr update [39m[2m/src/app/App.tsx, /src/features/fleet/FleetSitesPage.tsx, /src/features/diagnostics/DiagnosticsPage.tsx, /src/features/incidents/IncidentsPage.tsx, /src/features/service-queue/ServiceQueuePage.tsx, /src/features/technician-plan/TechnicianPlanPage.tsx, /src/features/reports/ReportsPage.tsx, /src/features/command-centre/CommandCentrePage.tsx[22m
[2m4:22:48 pm[22m [36m[1m[vite][22m[39m [90m[2m(client)[22m[39m [32mhmr update [39m[2m/src/app/App.tsx, /src/features/fleet/FleetSitesPage.tsx, /src/features/diagnostics/DiagnosticsPage.tsx, /src/features/incidents/IncidentsPage.tsx, /src/features/service-queue/ServiceQueuePage.tsx, /src/features/technician-plan/TechnicianPlanPage.tsx, /src/features/reports/ReportsPage.tsx, /src/features/command-centre/CommandCentrePage.tsx[22m
[2m4:23:22 pm[22m [36m[1m[vite][22m[39m [90m[2m(client)[22m[39m [32mhmr update [39m[2m/src/app/App.tsx, /src/features/fleet/FleetSitesPage.tsx, /src/features/diagnostics/DiagnosticsPage.tsx, /src/features/incidents/IncidentsPage.tsx, /src/features/service-queue/ServiceQueuePage.tsx, /src/features/technician-plan/TechnicianPlanPage.tsx, /src/features/reports/ReportsPage.tsx, /src/features/command-centre/CommandCentrePage.tsx[22m
[2m4:53:10 pm[22m [36m[1m[vite][22m[39m [90m[2m(client)[22m[39m [32mhmr update [39m[2m/src/components/charts/EChart.tsx[22m
[2m4:53:49 pm[22m [36m[1m[vite][22m[39m [90m[2m(client)[22m[39m [32mhmr update [39m[2m/src/styles/global.css[22m
[2m4:54:42 pm[22m [36m[1m[vite][22m[39m [90m[2m(client)[22m[39m [32mhmr update [39m[2m/src/features/command-centre/CommandCentrePage.tsx[22m
[2m4:55:02 pm[22m [36m[1m[vite][22m[39m [90m[2m(client)[22m[39m [32mhmr update [39m[2m/src/features/diagnostics/DiagnosticsPage.tsx[22m
[2m4:55:24 pm[22m [36m[1m[vite][22m[39m [90m[2m(client)[22m[39m [32mhmr update [39m[2m/src/features/incidents/IncidentsPage.tsx[22m
[2m4:55:47 pm[22m [36m[1m[vite][22m[39m [90m[2m(client)[22m[39m [32mhmr update [39m[2m/src/features/service-queue/ServiceQueuePage.tsx[22m
[2m4:56:02 pm[22m [36m[1m[vite][22m[39m [90m[2m(client)[22m[39m [32mhmr update [39m[2m/src/features/fleet/FleetSitesPage.tsx[22m
[2m4:56:27 pm[22m [36m[1m[vite][22m[39m [90m[2m(client)[22m[39m [32mhmr update [39m[2m/src/features/reports/ReportsPage.tsx[22m
[2m5:00:09 pm[22m [36m[1m[vite][22m[39m [90m[2m(client)[22m[39m [32mhmr update [39m[2m/src/components/charts/EChart.tsx[22m
[2m5:04:24 pm[22m [36m[1m[vite][22m[39m [90m[2m(client)[22m[39m [32mhmr update [39m[2m/src/components/layout/AppShell.tsx[22m
[2m5:32:43 pm[22m [36m[1m[vite][22m[39m [90m[2m(client)[22m[39m [32mhmr update [39m[2m/src/features/command-centre/CommandCentrePage.tsx[22m
[2m5:33:32 pm[22m [36m[1m[vite][22m[39m [90m[2m(client)[22m[39m [32mhmr update [39m[2m/src/styles/global.css[22m
[2m5:44:31 pm[22m [36m[1m[vite][22m[39m [90m[2m(client)[22m[39m [32mhmr update [39m[2m/src/app/providers.tsx, /src/features/fleet/FleetSitesPage.tsx, /src/features/diagnostics/DiagnosticsPage.tsx, /src/features/incidents/IncidentsPage.tsx, /src/features/service-queue/ServiceQueuePage.tsx, /src/features/command-centre/CommandCentrePage.tsx, /src/features/reports/ReportsPage.tsx[22m
[2m5:48:35 pm[22m [36m[1m[vite][22m[39m [90m[2m(client)[22m[39m [32mhmr update [39m[2m/src/features/fleet/FleetSitesPage.tsx[22m
[2m5:49:06 pm[22m [36m[1m[vite][22m[39m [90m[2m(client)[22m[39m [32mhmr update [39m[2m/src/styles/global.css[22m
[2m5:56:55 pm[22m [36m[1m[vite][22m[39m [90m[2m(client)[22m[39m [32mhmr update [39m[2m/src/components/charts/EChart.tsx[22m
[2m5:57:37 pm[22m [36m[1m[vite][22m[39m [90m[2m(client)[22m[39m [32mhmr update [39m[2m/src/features/fleet/FleetSitesPage.tsx, /src/features/diagnostics/DiagnosticsPage.tsx, /src/features/incidents/IncidentsPage.tsx, /src/features/service-queue/ServiceQueuePage.tsx, /src/features/command-centre/CommandCentrePage.tsx[22m
[2m5:59:21 pm[22m [36m[1m[vite][22m[39m [90m[2m(client)[22m[39m [32mhmr update [39m[2m/src/features/command-centre/CommandCentrePage.tsx[22m
[2m6:00:45 pm[22m [36m[1m[vite][22m[39m [90m[2m(client)[22m[39m [32mhmr update [39m[2m/src/styles/global.css[22m
[2m8:13:53 pm[22m [36m[1m[vite][22m[39m [90m[2m(client)[22m[39m [32mhmr update [39m[2m/src/features/command-centre/CommandCentrePage.tsx[22m
[2m8:14:10 pm[22m [36m[1m[vite][22m[39m [90m[2m(client)[22m[39m [32mhmr update [39m[2m/src/features/command-centre/CommandCentrePage.tsx[22m
[2m8:15:10 pm[22m [36m[1m[vite][22m[39m [90m[2m(client)[22m[39m [32mhmr update [39m[2m/src/styles/global.css[22m
[2m8:25:55 pm[22m [36m[1m[vite][22m[39m [90m[2m(client)[22m[39m [32mhmr update [39m[2m/src/features/diagnostics/DiagnosticsPage.tsx[22m
[2m8:26:04 pm[22m [36m[1m[vite][22m[39m [90m[2m(client)[22m[39m [32mhmr update [39m[2m/src/components/layout/AppShell.tsx[22m
[2m8:26:22 pm[22m [36m[1m[vite][22m[39m [90m[2m(client)[22m[39m [32mhmr update [39m[2m/src/styles/global.css[22m
[2m8:27:12 pm[22m [36m[1m[vite][22m[39m [90m[2m(client)[22m[39m [32mhmr update [39m[2m/src/features/diagnostics/DiagnosticsPage.tsx[22m
[2m8:33:46 pm[22m [36m[1m[vite][22m[39m [90m[2m(client)[22m[39m [32mhmr update [39m[2m/src/styles/global.css[22m
[2m8:43:48 pm[22m [36m[1m[vite][22m[39m [90m[2m(client)[22m[39m [32mhmr update [39m[2m/src/styles/global.css[22m
[2m8:47:50 pm[22m [36m[1m[vite][22m[39m [90m[2m(client)[22m[39m [32mhmr update [39m[2m/src/styles/global.css[22m
[2m8:52:21 pm[22m [36m[1m[vite][22m[39m [90m[2m(client)[22m[39m [32mhmr update [39m[2m/src/styles/global.css[22m
[2m8:52:32 pm[22m [36m[1m[vite][22m[39m [90m[2m(client)[22m[39m [32mhmr update [39m[2m/src/styles/global.css[22m
[2m8:58:41 pm[22m [36m[1m[vite][22m[39m [90m[2m(client)[22m[39m [32mhmr update [39m[2m/src/features/command-centre/CommandCentrePage.tsx[22m
[2m8:59:26 pm[22m [36m[1m[vite][22m[39m [90m[2m(client)[22m[39m [32mhmr update [39m[2m/src/features/command-centre/CommandCentrePage.tsx[22m
[2m8:59:47 pm[22m [36m[1m[vite][22m[39m [90m[2m(client)[22m[39m [32mhmr update [39m[2m/src/features/fleet/FleetSitesPage.tsx, /src/features/diagnostics/DiagnosticsPage.tsx, /src/features/incidents/IncidentsPage.tsx, /src/features/service-queue/ServiceQueuePage.tsx, /src/features/command-centre/CommandCentrePage.tsx[22m
[2m9:17:42 pm[22m [36m[1m[vite][22m[39m [90m[2m(client)[22m[39m [32mhmr update [39m[2m/src/features/service-queue/ServiceQueuePage.tsx[22m
[2m9:18:41 pm[22m [36m[1m[vite][22m[39m [90m[2m(client)[22m[39m [32mhmr update [39m[2m/src/styles/global.css[22m
[2m9:20:48 pm[22m [36m[1m[vite][22m[39m [90m[2m(client)[22m[39m [32mhmr update [39m[2m/src/styles/global.css[22m
[2m9:21:00 pm[22m [36m[1m[vite][22m[39m [90m[2m(client)[22m[39m [32mhmr update [39m[2m/src/styles/global.css[22m
[2m9:38:52 pm[22m [36m[1m[vite][22m[39m [90m[2m(client)[22m[39m [32mhmr update [39m[2m/src/components/layout/AppShell.tsx[22m
[2m9:39:12 pm[22m [36m[1m[vite][22m[39m [90m[2m(client)[22m[39m [32mhmr update [39m[2m/src/styles/global.css[22m
[2m9:41:37 pm[22m [36m[1m[vite][22m[39m [90m[2m(client)[22m[39m [32mhmr update [39m[2m/src/components/layout/AppShell.tsx[22m
[2m9:41:39 pm[22m [36m[1m[vite][22m[39m [90m[2m(client)[22m[39m [32mhmr update [39m[2m/src/components/layout/AppShell.tsx[22m
[2m9:45:29 pm[22m [36m[1m[vite][22m[39m [90m[2m(client)[22m[39m [32mhmr update [39m[2m/src/features/command-centre/CommandCentrePage.tsx[22m
[2m9:45:48 pm[22m [36m[1m[vite][22m[39m [90m[2m(client)[22m[39m [32mhmr update [39m[2m/src/styles/global.css[22m
[2m10:15:28 pm[22m [36m[1m[vite][22m[39m [90m[2m(client)[22m[39m [32mhmr update [39m[2m/src/app/App.tsx, /src/features/fleet/FleetSitesPage.tsx, /src/features/diagnostics/DiagnosticsPage.tsx, /src/features/incidents/IncidentsPage.tsx, /src/features/service-queue/ServiceQueuePage.tsx, /src/features/technician-plan/TechnicianPlanPage.tsx, /src/features/reports/ReportsPage.tsx, /src/features/command-centre/CommandCentrePage.tsx[22m
[2m10:15:50 pm[22m [36m[1m[vite][22m[39m [90m[2m(client)[22m[39m [32mhmr update [39m[2m/src/app/App.tsx, /src/features/fleet/FleetSitesPage.tsx, /src/features/diagnostics/DiagnosticsPage.tsx, /src/features/incidents/IncidentsPage.tsx, /src/features/service-queue/ServiceQueuePage.tsx, /src/features/technician-plan/TechnicianPlanPage.tsx, /src/features/reports/ReportsPage.tsx, /src/features/command-centre/CommandCentrePage.tsx[22m
[2m10:16:21 pm[22m [36m[1m[vite][22m[39m [90m[2m(client)[22m[39m [32mhmr update [39m[2m/src/app/router.tsx[22m
[2m10:18:27 pm[22m [36m[1m[vite][22m[39m [90m[2m(client)[22m[39m [32mhmr update [39m[2m/src/app/App.tsx[22m
[2m10:27:58 pm[22m [36m[1m[vite][22m[39m [90m[2m(client)[22m[39m [32mhmr update [39m[2m/src/app/App.tsx, /src/features/fleet/FleetSitesPage.tsx, /src/features/diagnostics/DiagnosticsPage.tsx, /src/features/incidents/IncidentsPage.tsx, /src/features/service-queue/ServiceQueuePage.tsx, /src/features/technician-plan/TechnicianPlanPage.tsx, /src/features/reports/ReportsPage.tsx, /src/features/command-centre/CommandCentrePage.tsx[22m
[2m9:33:34 am[22m [36m[1m[vite][22m[39m [90m[2m(client)[22m[39m [32mhmr update [39m[2m/src/features/command-centre/CommandCentrePage.tsx[22m
[2m9:34:11 am[22m [36m[1m[vite][22m[39m [90m[2m(client)[22m[39m [32mhmr update [39m[2m/src/features/command-centre/CommandCentrePage.tsx[22m
[2m9:34:36 am[22m [36m[1m[vite][22m[39m [90m[2m(client)[22m[39m [32mhmr update [39m[2m/src/styles/global.css[22m
[2m9:37:20 am[22m [36m[1m[vite][22m[39m [90m[2m(client)[22m[39m [32mhmr update [39m[2m/src/features/command-centre/CommandCentrePage.tsx[22m
[2m10:16:07 am[22m [36m[1m[vite][22m[39m [90m[2m(client)[22m[39m [32mhmr update [39m[2m/src/features/incidents/IncidentsPage.tsx[22m
[2m11:21:34 am[22m [36m[1m[vite][22m[39m [90m[2m(client)[22m[39m [32mhmr update [39m[2m/src/features/fleet/FleetSitesPage.tsx, /src/features/diagnostics/DiagnosticsPage.tsx, /src/features/incidents/IncidentsPage.tsx, /src/features/service-queue/ServiceQueuePage.tsx, /src/features/command-centre/CommandCentrePage.tsx[22m
[2m11:22:39 am[22m [36m[1m[vite][22m[39m [90m[2m(client)[22m[39m [32mhmr update [39m[2m/src/features/fleet/FleetSitesPage.tsx, /src/features/diagnostics/DiagnosticsPage.tsx, /src/features/incidents/IncidentsPage.tsx, /src/features/service-queue/ServiceQueuePage.tsx, /src/features/command-centre/CommandCentrePage.tsx[22m
